  progress: done=50 skip=600 fail=0 / 9876
  progress: done=100 skip=600 fail=0 / 9876
  progress: done=150 skip=600 fail=0 / 9876
  progress: done=200 skip=600 fail=0 / 9876
  progress: done=250 skip=600 fail=0 / 9876
  progress: done=300 skip=600 fail=0 / 9876
  progress: done=350 skip=600 fail=0 / 9876
  progress: done=400 skip=600 fail=0 / 9876
  progress: done=450 skip=600 fail=0 / 9876
  progress: done=500 skip=600 fail=0 / 9876
  progress: done=550 skip=600 fail=0 / 9876
  progress: done=598 skip=602 fail=0 / 9876
  progress: done=648 skip=602 fail=0 / 9876
  progress: done=698 skip=602 fail=0 / 9876
  progress: done=748 skip=602 fail=0 / 9876
  progress: done=798 skip=602 fail=0 / 9876
  progress: done=848 skip=602 fail=0 / 9876
  progress: done=898 skip=602 fail=0 / 9876
  progress: done=948 skip=602 fail=0 / 9876
  progress: done=998 skip=602 fail=0 / 9876
  progress: done=1048 skip=602 fail=0 / 9876
  progress: done=1098 skip=602 fail=0 / 9876
  progress: done=1148 skip=602 fail=0 / 9876
  progress: done=1198 skip=602 fail=0 / 9876
  progress: done=1248 skip=602 fail=0 / 9876
  progress: done=1298 skip=602 fail=0 / 9876
  progress: done=1348 skip=602 fail=0 / 9876
  progress: done=1398 skip=602 fail=0 / 9876
  progress: done=1448 skip=602 fail=0 / 9876
  progress: done=1498 skip=602 fail=0 / 9876
  progress: done=1548 skip=602 fail=0 / 9876
  progress: done=1598 skip=602 fail=0 / 9876
  progress: done=1648 skip=602 fail=0 / 9876
  progress: done=1698 skip=602 fail=0 / 9876
  progress: done=1748 skip=602 fail=0 / 9876
  progress: done=1798 skip=602 fail=0 / 9876
  progress: done=1848 skip=602 fail=0 / 9876
  progress: done=1898 skip=602 fail=0 / 9876
  progress: done=1948 skip=602 fail=0 / 9876
  progress: done=1998 skip=602 fail=0 / 9876
  progress: done=2048 skip=602 fail=0 / 9876
  progress: done=2098 skip=602 fail=0 / 9876
  progress: done=2148 skip=602 fail=0 / 9876
  progress: done=2198 skip=602 fail=0 / 9876
  progress: done=2248 skip=602 fail=0 / 9876
  progress: done=2298 skip=602 fail=0 / 9876
  progress: done=2348 skip=602 fail=0 / 9876
  progress: done=2398 skip=602 fail=0 / 9876
  progress: done=2448 skip=602 fail=0 / 9876
  progress: done=2498 skip=602 fail=0 / 9876
  progress: done=2548 skip=602 fail=0 / 9876
  progress: done=2598 skip=602 fail=0 / 9876
  [fail-4xx] 404 records100/16000/17000_lr.hea
  [fail-4xx] 404 records100/16000/17000_lr.dat
  progress: done=2646 skip=602 fail=2 / 9876
  progress: done=2696 skip=602 fail=2 / 9876
  progress: done=2746 skip=602 fail=2 / 9876
  progress: done=2796 skip=602 fail=2 / 9876
  progress: done=2846 skip=602 fail=2 / 9876
  progress: done=2896 skip=602 fail=2 / 9876
  progress: done=2946 skip=602 fail=2 / 9876
  progress: done=2996 skip=602 fail=2 / 9876
  progress: done=3046 skip=602 fail=2 / 9876
  progress: done=3096 skip=602 fail=2 / 9876
  progress: done=3146 skip=602 fail=2 / 9876
  progress: done=3196 skip=602 fail=2 / 9876
  progress: done=3246 skip=602 fail=2 / 9876
  progress: done=3296 skip=602 fail=2 / 9876
  progress: done=3346 skip=602 fail=2 / 9876
  progress: done=3396 skip=602 fail=2 / 9876
  progress: done=3446 skip=602 fail=2 / 9876
  progress: done=3496 skip=602 fail=2 / 9876
  progress: done=3546 skip=602 fail=2 / 9876
  progress: done=3596 skip=602 fail=2 / 9876
  progress: done=3646 skip=602 fail=2 / 9876
  progress: done=3696 skip=602 fail=2 / 9876
  progress: done=3746 skip=602 fail=2 / 9876
  progress: done=3796 skip=602 fail=2 / 9876
  progress: done=3846 skip=602 fail=2 / 9876
  progress: done=3896 skip=602 fail=2 / 9876
  progress: done=3946 skip=602 fail=2 / 9876
  progress: done=3996 skip=602 fail=2 / 9876
  progress: done=4046 skip=602 fail=2 / 9876
  progress: done=4096 skip=602 fail=2 / 9876
  progress: done=4146 skip=602 fail=2 / 9876
  progress: done=4196 skip=602 fail=2 / 9876
  progress: done=4246 skip=602 fail=2 / 9876
  progress: done=4296 skip=602 fail=2 / 9876
  progress: done=4346 skip=602 fail=2 / 9876
  progress: done=4396 skip=602 fail=2 / 9876
  progress: done=4446 skip=602 fail=2 / 9876
  progress: done=4496 skip=602 fail=2 / 9876
  progress: done=4546 skip=602 fail=2 / 9876
  progress: done=4596 skip=602 fail=2 / 9876
  progress: done=4646 skip=602 fail=2 / 9876
  progress: done=4696 skip=602 fail=2 / 9876
  progress: done=4746 skip=602 fail=2 / 9876
  progress: done=4796 skip=602 fail=2 / 9876
  progress: done=4846 skip=602 fail=2 / 9876
  progress: done=4896 skip=602 fail=2 / 9876
  progress: done=4946 skip=602 fail=2 / 9876
  progress: done=4996 skip=602 fail=2 / 9876
  progress: done=5046 skip=602 fail=2 / 9876
  progress: done=5096 skip=602 fail=2 / 9876
  progress: done=5146 skip=602 fail=2 / 9876
  progress: done=5196 skip=602 fail=2 / 9876
  progress: done=5246 skip=602 fail=2 / 9876
  progress: done=5296 skip=602 fail=2 / 9876
  progress: done=5346 skip=602 fail=2 / 9876
  progress: done=5396 skip=602 fail=2 / 9876
  progress: done=5446 skip=602 fail=2 / 9876
  progress: done=5496 skip=602 fail=2 / 9876
  progress: done=5546 skip=602 fail=2 / 9876
  progress: done=5596 skip=602 fail=2 / 9876
  progress: done=5646 skip=602 fail=2 / 9876
  progress: done=5696 skip=602 fail=2 / 9876
  progress: done=5746 skip=602 fail=2 / 9876
  progress: done=5796 skip=602 fail=2 / 9876
  progress: done=5846 skip=602 fail=2 / 9876
  progress: done=5896 skip=602 fail=2 / 9876
  progress: done=5946 skip=602 fail=2 / 9876
  progress: done=5996 skip=602 fail=2 / 9876
  progress: done=6046 skip=602 fail=2 / 9876
  progress: done=6096 skip=602 fail=2 / 9876
  progress: done=6146 skip=602 fail=2 / 9876
  progress: done=6196 skip=602 fail=2 / 9876
  progress: done=6246 skip=602 fail=2 / 9876
  progress: done=6296 skip=602 fail=2 / 9876
  progress: done=6346 skip=602 fail=2 / 9876
  progress: done=6396 skip=602 fail=2 / 9876
  progress: done=6446 skip=602 fail=2 / 9876
  progress: done=6496 skip=602 fail=2 / 9876
  progress: done=6546 skip=602 fail=2 / 9876
  progress: done=6596 skip=602 fail=2 / 9876
  progress: done=6646 skip=602 fail=2 / 9876
  progress: done=6696 skip=602 fail=2 / 9876
  progress: done=6746 skip=602 fail=2 / 9876
  progress: done=6796 skip=602 fail=2 / 9876
  progress: done=6846 skip=602 fail=2 / 9876
  progress: done=6896 skip=602 fail=2 / 9876
  progress: done=6946 skip=602 fail=2 / 9876
  progress: done=6996 skip=602 fail=2 / 9876
  progress: done=7046 skip=602 fail=2 / 9876
  progress: done=7096 skip=602 fail=2 / 9876
  progress: done=7146 skip=602 fail=2 / 9876
  progress: done=7196 skip=602 fail=2 / 9876
  progress: done=7246 skip=602 fail=2 / 9876
  progress: done=7296 skip=602 fail=2 / 9876
  progress: done=7346 skip=602 fail=2 / 9876
  progress: done=7396 skip=602 fail=2 / 9876
  progress: done=7446 skip=602 fail=2 / 9876
  progress: done=7496 skip=602 fail=2 / 9876
  progress: done=7546 skip=602 fail=2 / 9876
  progress: done=7596 skip=602 fail=2 / 9876
  progress: done=7646 skip=602 fail=2 / 9876
  progress: done=7696 skip=602 fail=2 / 9876
  progress: done=7746 skip=602 fail=2 / 9876
  progress: done=7796 skip=602 fail=2 / 9876
  progress: done=7846 skip=602 fail=2 / 9876
  progress: done=7896 skip=602 fail=2 / 9876
  progress: done=7946 skip=602 fail=2 / 9876
  progress: done=7996 skip=602 fail=2 / 9876
  progress: done=8046 skip=602 fail=2 / 9876
  progress: done=8096 skip=602 fail=2 / 9876
  progress: done=8146 skip=602 fail=2 / 9876
  progress: done=8196 skip=602 fail=2 / 9876
  progress: done=8246 skip=602 fail=2 / 9876
  progress: done=8296 skip=602 fail=2 / 9876
  progress: done=8346 skip=602 fail=2 / 9876
  progress: done=8396 skip=602 fail=2 / 9876
  progress: done=8446 skip=602 fail=2 / 9876
  progress: done=8496 skip=602 fail=2 / 9876
  progress: done=8546 skip=602 fail=2 / 9876
  progress: done=8596 skip=602 fail=2 / 9876
  progress: done=8646 skip=602 fail=2 / 9876
  progress: done=8696 skip=602 fail=2 / 9876
  progress: done=8746 skip=602 fail=2 / 9876
  progress: done=8796 skip=602 fail=2 / 9876
  progress: done=8846 skip=602 fail=2 / 9876
  progress: done=8896 skip=602 fail=2 / 9876
  progress: done=8946 skip=602 fail=2 / 9876
  progress: done=8996 skip=602 fail=2 / 9876
  progress: done=9046 skip=602 fail=2 / 9876
  progress: done=9096 skip=602 fail=2 / 9876
  progress: done=9146 skip=602 fail=2 / 9876
  progress: done=9196 skip=602 fail=2 / 9876
  progress: done=9246 skip=602 fail=2 / 9876
finished: done=9272 skip=602 fail=2 entries=9876 elapsed=27.7min
bytes on disk (data dir): 252822232
