== 读取 PTB-XL 子集 ==
  loaded: 2399
== 读取 CinC2017 子集 ==
  loaded: 2537
== 特征提取 ==
  复用 PTB-XL 缓存特征: 2399
  复用 CinC2017 缓存特征: 2537
  CPSC2021 窗级特征已载入: 583 窗 / 25 位患者 / 阳性窗 280
  n features: 31
  PTB-XL patient-level split: train 1693 recs / test 706 recs
  [logreg] AUROC=0.961 AUPRC=0.944 Brier=0.076 ECE=0.027
  [logreg] EXTERNAL CinC2017 AUROC=0.799 Sens=0.983 Spec=0.105 Brier=0.575
  [logreg] EXTERNAL strict(A vs N) n=1758 AUROC=0.840 Sens=0.983 Spec=0.095
  [logreg] CinC2017 in-domain 5-fold AUROC=0.952
  [hgb] AUROC=0.975 AUPRC=0.974 Brier=0.077 ECE=0.075
  [hgb] EXTERNAL CinC2017 AUROC=0.874 Sens=0.927 Spec=0.691 Brier=0.218
  [hgb] EXTERNAL strict(A vs N) n=1758 AUROC=0.942 Sens=0.927 Spec=0.839
  [hgb] CinC2017 in-domain 5-fold AUROC=0.952
  [logreg] EXTERNAL CPSC2021(中国) n=583 AUROC=0.916 Brier=0.452 ECE=0.476 Se=0.996 Sp=0.046
  [hgb] EXTERNAL CPSC2021(中国) n=583 AUROC=0.936 Brier=0.131 ECE=0.144 Se=0.996 Sp=0.710
  [hgb] CPSC2021 域内(按患者分组5折) AUROC=0.923 Brier=0.136 ECE=0.126
  top features: f_rr_median(0.015), f_rr_iqr(0.013), f_rr_cv(0.013), f_pnn20(0.006), f_rr_mean(0.006), f_sampen(0.006), f_rr_skew(0.004), f_rmssd_norm(0.004)

== 汇总 ==
                            key                                                   dataset    n    auroc    auprc    brier      ece  sens@0.5  spec@0.5  sens@spec90
          ptbxl_internal_logreg                                  PTB-XL internal (logreg)  706 0.960977 0.944427 0.075925 0.027086  0.935103  0.869210     0.902655
  cinc2017_external_from_logreg              CinC2017 external (trained on PTB-XL/logreg) 2537 0.799158 0.623786 0.575358 0.603405  0.982850  0.104553     0.443272
cinc2017_external_strict_logreg CinC2017 external AF-vs-N only (trained on PTB-XL/logreg) 1758 0.839702 0.811009 0.464462 0.487610  0.982850  0.095000     0.633245
        cinc2017_internal_5fold            CinC2017 internal 5-fold (in-domain reference) 2537 0.952130 0.914205 0.084427 0.069958  0.794195  0.943227     0.861478
             ptbxl_internal_hgb                                     PTB-XL internal (hgb)  706 0.975260 0.974405 0.077052 0.075446  0.961652  0.869210     0.938053
     cinc2017_external_from_hgb                 CinC2017 external (trained on PTB-XL/hgb) 2537 0.873544 0.697804 0.218318 0.223866  0.927441  0.690838     0.494723
   cinc2017_external_strict_hgb    CinC2017 external AF-vs-N only (trained on PTB-XL/hgb) 1758 0.941726 0.910022 0.108889 0.103829  0.927441  0.839000     0.858839
       cpsc2021_external_logreg       CPSC2021 external (China, trained on PTB-XL/logreg)  583 0.916455 0.861669 0.451926 0.475999  0.996429  0.046205     0.710714
          cpsc2021_external_hgb          CPSC2021 external (China, trained on PTB-XL/hgb)  583 0.936386 0.903183 0.130855 0.143676  0.996429  0.709571     0.782143
        cpsc2021_internal_5fold            CPSC2021 in-domain 5-fold (grouped by patient)  583 0.923232 0.916858 0.135657 0.126250  0.892857  0.811881     0.785714

结果已写入: /Users/mac/Desktop/库/公共数据AF/out_robustness/seed_5
